* does not fit into a 32-bit signed integer.
Timeout duration was set to 1. TimeoutOverflowWarning
