internal:*.js:*
    throw new TypeError('*');
    ^
TypeError: *
    at queueMicrotask (internal:*.js:*)
